// Jest Snapshot v1, https://goo.gl/fbAQLP

exports[`Square Should render 1`] = `
<button
  class="square"
  data-testid="board-square"
/>
`;
